Collecting fastapi>=0.100.0 (from -r requirements.txt (line 1))
  Using cached fastapi-0.124.4-py3-none-any.whl.metadata (30 kB)
Collecting uvicorn>=0.22.0 (from -r requirements.txt (line 2))
  Using cached uvicorn-0.33.0-py3-none-any.whl.metadata (6.6 kB)
Requirement already satisfied: pandas>=2.0.0 in c:\users\m bharath kumar goud\appdata\local\programs\python\python38\lib\site-packages (from -r requirements.txt (line 3)) (2.0.3)
Requirement already satisfied: pyyaml>=6.0 in c:\users\m bharath kumar goud\appdata\local\programs\python\python38\lib\site-packages (from -r requirements.txt (line 4)) (6.0.3)
Collecting pydantic>=2.0 (from -r requirements.txt (line 5))
  Using cached pydantic-2.10.6-py3-none-any.whl.metadata (30 kB)
Requirement already satisfied: requests>=2.28.0 in c:\users\m bharath kumar goud\appdata\local\programs\python\python38\lib\site-packages (from -r requirements.txt (line 6)) (2.32.4)
Collecting starlette<0.51.0,>=0.40.0 (from fastapi>=0.100.0->-r requirements.txt (line 1))
  Downloading starlette-0.44.0-py3-none-any.whl.metadata (6.3 kB)
Requirement already satisfied: typing-extensions>=4.8.0 in c:\users\m bharath kumar goud\appdata\local\programs\python\python38\lib\site-packages (from fastapi>=0.100.0->-r requirements.txt (line 1)) (4.13.2)
Collecting annotated-doc>=0.0.2 (from fastapi>=0.100.0->-r requirements.txt (line 1))
  Downloading annotated_doc-0.0.4-py3-none-any.whl.metadata (6.6 kB)
Requirement already satisfied: click>=7.0 in c:\users\m bharath kumar goud\appdata\local\programs\python\python38\lib\site-packages (from uvicorn>=0.22.0->-r requirements.txt (line 2)) (8.1.8)
Requirement already satisfied: h11>=0.8 in c:\users\m bharath kumar goud\appdata\local\programs\python\python38\lib\site-packages (from uvicorn>=0.22.0->-r requirements.txt (line 2)) (0.16.0)
Requirement already satisfied: python-dateutil>=2.8.2 in c:\users\m bharath kumar goud\appdata\local\programs\python\python38\lib\site-packages (from pandas>=2.0.0->-r requirements.txt (line 3)) (2.9.0.post0)
Requirement already satisfied: pytz>=2020.1 in c:\users\m bharath kumar goud\appdata\local\programs\python\python38\lib\site-packages (from pandas>=2.0.0->-r requirements.txt (line 3)) (2025.2)
Requirement already satisfied: tzdata>=2022.1 in c:\users\m bharath kumar goud\appdata\local\programs\python\python38\lib\site-packages (from pandas>=2.0.0->-r requirements.txt (line 3)) (2025.3)
Requirement already satisfied: numpy>=1.20.3 in c:\users\m bharath kumar goud\appdata\local\programs\python\python38\lib\site-packages (from pandas>=2.0.0->-r requirements.txt (line 3)) (1.24.4)
Collecting annotated-types>=0.6.0 (from pydantic>=2.0->-r requirements.txt (line 5))
  Downloading annotated_types-0.7.0-py3-none-any.whl.metadata (15 kB)
Collecting pydantic-core==2.27.2 (from pydantic>=2.0->-r requirements.txt (line 5))
  Downloading pydantic_core-2.27.2-cp38-cp38-win_amd64.whl.metadata (6.7 kB)
Requirement already satisfied: charset_normalizer<4,>=2 in c:\users\m bharath kumar goud\appdata\local\programs\python\python38\lib\site-packages (from requests>=2.28.0->-r requirements.txt (line 6)) (3.4.4)
Requirement already satisfied: idna<4,>=2.5 in c:\users\m bharath kumar goud\appdata\local\programs\python\python38\lib\site-packages (from requests>=2.28.0->-r requirements.txt (line 6)) (3.11)
Requirement already satisfied: urllib3<3,>=1.21.1 in c:\users\m bharath kumar goud\appdata\local\programs\python\python38\lib\site-packages (from requests>=2.28.0->-r requirements.txt (line 6)) (2.2.3)
Requirement already satisfied: certifi>=2017.4.17 in c:\users\m bharath kumar goud\appdata\local\programs\python\python38\lib\site-packages (from requests>=2.28.0->-r requirements.txt (line 6)) (2026.1.4)
Requirement already satisfied: colorama in c:\users\m bharath kumar goud\appdata\local\programs\python\python38\lib\site-packages (from click>=7.0->uvicorn>=0.22.0->-r requirements.txt (line 2)) (0.4.6)
Requirement already satisfied: six>=1.5 in c:\users\m bharath kumar goud\appdata\local\programs\python\python38\lib\site-packages (from python-dateutil>=2.8.2->pandas>=2.0.0->-r requirements.txt (line 3)) (1.17.0)
Requirement already satisfied: anyio<5,>=3.4.0 in c:\users\m bharath kumar goud\appdata\local\programs\python\python38\lib\site-packages (from starlette<0.51.0,>=0.40.0->fastapi>=0.100.0->-r requirements.txt (line 1)) (4.5.2)
Requirement already satisfied: sniffio>=1.1 in c:\users\m bharath kumar goud\appdata\local\programs\python\python38\lib\site-packages (from anyio<5,>=3.4.0->starlette<0.51.0,>=0.40.0->fastapi>=0.100.0->-r requirements.txt (line 1)) (1.3.1)
Requirement already satisfied: exceptiongroup>=1.0.2 in c:\users\m bharath kumar goud\appdata\local\programs\python\python38\lib\site-packages (from anyio<5,>=3.4.0->starlette<0.51.0,>=0.40.0->fastapi>=0.100.0->-r requirements.txt (line 1)) (1.3.1)
Downloading fastapi-0.124.4-py3-none-any.whl (113 kB)
Downloading uvicorn-0.33.0-py3-none-any.whl (62 kB)
Downloading pydantic-2.10.6-py3-none-any.whl (431 kB)
Downloading pydantic_core-2.27.2-cp38-cp38-win_amd64.whl (2.0 MB)
   ---------------------------------------- 2.0/2.0 MB 8.5 MB/s eta 0:00:00
Downloading annotated_doc-0.0.4-py3-none-any.whl (5.3 kB)
Downloading annotated_types-0.7.0-py3-none-any.whl (13 kB)
Downloading starlette-0.44.0-py3-none-any.whl (73 kB)
Installing collected packages: pydantic-core, annotated-types, annotated-doc, uvicorn, pydantic, starlette, fastapi
Successfully installed annotated-doc-0.0.4 annotated-types-0.7.0 fastapi-0.124.4 pydantic-2.10.6 pydantic-core-2.27.2 starlette-0.44.0 uvicorn-0.33.0
