
> metricmind@1.0.0 build
> vite build

vite v5.4.21 building for production...
transforming...
✓ 2381 modules transformed.
rendering chunks...
computing gzip size...
dist/index.html                   0.81 kB │ gzip:   0.49 kB
dist/assets/index-O4HNVKGu.css   26.10 kB │ gzip:   5.67 kB
dist/assets/index-CNj9k0sI.js   585.12 kB │ gzip: 164.94 kB
✓ built in 53.67s
npm.cmd : 
At line:1 char:1
+ npm.cmd run build 2>&1
+ ~~~~~~~~~~~~~~~~~~~~~~
    + CategoryInfo          : NotSpecified: (:String) [], RemoteException
    + FullyQualifiedErrorId : NativeCommandError
 
(!) Some chunks are larger than 500 kB after minification. Consider:
- Using dynamic import() to code-split the application
- Use build.rollupOptions.output.manualChunks to improve chunking: 
https://rollupjs.org/configuration-options/#output-manualchunks
- Adjust chunk size limit for this warning via build.chunkSizeWarningLimit.
